// Jest Snapshot v1, https://goo.gl/fbAQLP

exports[`Information label renders correct props 1`] = `
<div
  className="label-container"
>
  <label
    className="label"
  >
    This is my information
  </label>
</div>
`;
